Archive member included to satisfy reference by file (symbol)

c:/st/stm32cubeide_1.5.0/stm32cubeide/plugins/com.st.stm32cube.ide.mcu.externaltools.gnu-tools-for-stm32.7-2018-q2-update.win32_1.5.0.202011040924/tools/bin/../lib/gcc/arm-none-eabi/7.3.1/../../../../arm-none-eabi/lib/thumb/v7e-m/fpv4-sp/hard\libc_nano.a(lib_a-atoi.o)
                              Core/Src/main.o (atoi)
c:/st/stm32cubeide_1.5.0/stm32cubeide/plugins/com.st.stm32cube.ide.mcu.externaltools.gnu-tools-for-stm32.7-2018-q2-update.win32_1.5.0.202011040924/tools/bin/../lib/gcc/arm-none-eabi/7.3.1/../../../../arm-none-eabi/lib/thumb/v7e-m/fpv4-sp/hard\libc_nano.a(lib_a-errno.o)
                              Core/Src/syscalls.o (__errno)
c:/st/stm32cubeide_1.5.0/stm32cubeide/plugins/com.st.stm32cube.ide.mcu.externaltools.gnu-tools-for-stm32.7-2018-q2-update.win32_1.5.0.202011040924/tools/bin/../lib/gcc/arm-none-eabi/7.3.1/../../../../arm-none-eabi/lib/thumb/v7e-m/fpv4-sp/hard\libc_nano.a(lib_a-exit.o)
                              c:/st/stm32cubeide_1.5.0/stm32cubeide/plugins/com.st.stm32cube.ide.mcu.externaltools.gnu-tools-for-stm32.7-2018-q2-update.win32_1.5.0.202011040924/tools/bin/../lib/gcc/arm-none-eabi/7.3.1/../../../../arm-none-eabi/lib/thumb/v7e-m/fpv4-sp/hard/crt0.o (exit)
c:/st/stm32cubeide_1.5.0/stm32cubeide/plugins/com.st.stm32cube.ide.mcu.externaltools.gnu-tools-for-stm32.7-2018-q2-update.win32_1.5.0.202011040924/tools/bin/../lib/gcc/arm-none-eabi/7.3.1/../../../../arm-none-eabi/lib/thumb/v7e-m/fpv4-sp/hard\libc_nano.a(lib_a-impure.o)
                              c:/st/stm32cubeide_1.5.0/stm32cubeide/plugins/com.st.stm32cube.ide.mcu.externaltools.gnu-tools-for-stm32.7-2018-q2-update.win32_1.5.0.202011040924/tools/bin/../lib/gcc/arm-none-eabi/7.3.1/../../../../arm-none-eabi/lib/thumb/v7e-m/fpv4-sp/hard\libc_nano.a(lib_a-exit.o) (_global_impure_ptr)
c:/st/stm32cubeide_1.5.0/stm32cubeide/plugins/com.st.stm32cube.ide.mcu.externaltools.gnu-tools-for-stm32.7-2018-q2-update.win32_1.5.0.202011040924/tools/bin/../lib/gcc/arm-none-eabi/7.3.1/../../../../arm-none-eabi/lib/thumb/v7e-m/fpv4-sp/hard\libc_nano.a(lib_a-init.o)
                              c:/st/stm32cubeide_1.5.0/stm32cubeide/plugins/com.st.stm32cube.ide.mcu.externaltools.gnu-tools-for-stm32.7-2018-q2-update.win32_1.5.0.202011040924/tools/bin/../lib/gcc/arm-none-eabi/7.3.1/../../../../arm-none-eabi/lib/thumb/v7e-m/fpv4-sp/hard/crt0.o (__libc_init_array)
c:/st/stm32cubeide_1.5.0/stm32cubeide/plugins/com.st.stm32cube.ide.mcu.externaltools.gnu-tools-for-stm32.7-2018-q2-update.win32_1.5.0.202011040924/tools/bin/../lib/gcc/arm-none-eabi/7.3.1/../../../../arm-none-eabi/lib/thumb/v7e-m/fpv4-sp/hard\libc_nano.a(lib_a-memset.o)
                              c:/st/stm32cubeide_1.5.0/stm32cubeide/plugins/com.st.stm32cube.ide.mcu.externaltools.gnu-tools-for-stm32.7-2018-q2-update.win32_1.5.0.202011040924/tools/bin/../lib/gcc/arm-none-eabi/7.3.1/../../../../arm-none-eabi/lib/thumb/v7e-m/fpv4-sp/hard/crt0.o (memset)
c:/st/stm32cubeide_1.5.0/stm32cubeide/plugins/com.st.stm32cube.ide.mcu.externaltools.gnu-tools-for-stm32.7-2018-q2-update.win32_1.5.0.202011040924/tools/bin/../lib/gcc/arm-none-eabi/7.3.1/../../../../arm-none-eabi/lib/thumb/v7e-m/fpv4-sp/hard\libc_nano.a(lib_a-strcmp.o)
                              Core/Src/main.o (strcmp)
c:/st/stm32cubeide_1.5.0/stm32cubeide/plugins/com.st.stm32cube.ide.mcu.externaltools.gnu-tools-for-stm32.7-2018-q2-update.win32_1.5.0.202011040924/tools/bin/../lib/gcc/arm-none-eabi/7.3.1/../../../../arm-none-eabi/lib/thumb/v7e-m/fpv4-sp/hard\libc_nano.a(lib_a-strncmp.o)
                              Core/Src/main.o (strncmp)
c:/st/stm32cubeide_1.5.0/stm32cubeide/plugins/com.st.stm32cube.ide.mcu.externaltools.gnu-tools-for-stm32.7-2018-q2-update.win32_1.5.0.202011040924/tools/bin/../lib/gcc/arm-none-eabi/7.3.1/../../../../arm-none-eabi/lib/thumb/v7e-m/fpv4-sp/hard\libc_nano.a(lib_a-strtol.o)
                              c:/st/stm32cubeide_1.5.0/stm32cubeide/plugins/com.st.stm32cube.ide.mcu.externaltools.gnu-tools-for-stm32.7-2018-q2-update.win32_1.5.0.202011040924/tools/bin/../lib/gcc/arm-none-eabi/7.3.1/../../../../arm-none-eabi/lib/thumb/v7e-m/fpv4-sp/hard\libc_nano.a(lib_a-atoi.o) (_strtol_r)
c:/st/stm32cubeide_1.5.0/stm32cubeide/plugins/com.st.stm32cube.ide.mcu.externaltools.gnu-tools-for-stm32.7-2018-q2-update.win32_1.5.0.202011040924/tools/bin/../lib/gcc/arm-none-eabi/7.3.1/../../../../arm-none-eabi/lib/thumb/v7e-m/fpv4-sp/hard\libc_nano.a(lib_a-locale.o)
                              c:/st/stm32cubeide_1.5.0/stm32cubeide/plugins/com.st.stm32cube.ide.mcu.externaltools.gnu-tools-for-stm32.7-2018-q2-update.win32_1.5.0.202011040924/tools/bin/../lib/gcc/arm-none-eabi/7.3.1/../../../../arm-none-eabi/lib/thumb/v7e-m/fpv4-sp/hard\libc_nano.a(lib_a-strtol.o) (__locale_ctype_ptr_l)
[...]
Memory Configuration

Name             Origin             Length             Attributes
CCMRAM           0x0000000010000000 0x0000000000001000 xrw
RAM              0x0000000020000000 0x0000000000003000 xrw
FLASH            0x0000000008000000 0x0000000000010000 xr
*default*        0x0000000000000000 0xffffffffffffffff

Linker script and memory map

LOAD c:/st/stm32cubeide_1.5.0/stm32cubeide/plugins/com.st.stm32cube.ide.mcu.externaltools.gnu-tools-for-stm32.7-2018-q2-update.win32_1.5.0.202011040924/tools/bin/../lib/gcc/arm-none-eabi/7.3.1/thumb/v7e-m/fpv4-sp/hard/crti.o
LOAD c:/st/stm32cubeide_1.5.0/stm32cubeide/plugins/com.st.stm32cube.ide.mcu.externaltools.gnu-tools-for-stm32.7-2018-q2-update.win32_1.5.0.202011040924/tools/bin/../lib/gcc/arm-none-eabi/7.3.1/thumb/v7e-m/fpv4-sp/hard/crtbegin.o
LOAD c:/st/stm32cubeide_1.5.0/stm32cubeide/plugins/com.st.stm32cube.ide.mcu.externaltools.gnu-tools-for-stm32.7-2018-q2-update.win32_1.5.0.202011040924/tools/bin/../lib/gcc/arm-none-eabi/7.3.1/../../../../arm-none-eabi/lib/thumb/v7e-m/fpv4-sp/hard/crt0.o
LOAD Core/Src/dma.o
LOAD Core/Src/gpio.o
LOAD Core/Src/main.o
LOAD Core/Src/stm32f3xx_hal_msp.o
LOAD Core/Src/stm32f3xx_it.o
LOAD Core/Src/syscalls.o
LOAD Core/Src/sysmem.o
LOAD Core/Src/system_stm32f3xx.o
LOAD Core/Src/tim.o
LOAD Core/Src/usart.o
LOAD Core/Startup/startup_stm32f303k8tx.o
LOAD Drivers/STM32F3xx_HAL_Driver/Src/stm32f3xx_ll_dma.o
LOAD Drivers/STM32F3xx_HAL_Driver/Src/stm32f3xx_ll_exti.o
LOAD Drivers/STM32F3xx_HAL_Driver/Src/stm32f3xx_ll_gpio.o
LOAD Drivers/STM32F3xx_HAL_Driver/Src/stm32f3xx_ll_rcc.o
LOAD Drivers/STM32F3xx_HAL_Driver/Src/stm32f3xx_ll_tim.o
LOAD Drivers/STM32F3xx_HAL_Driver/Src/stm32f3xx_ll_usart.o
LOAD Drivers/STM32F3xx_HAL_Driver/Src/stm32f3xx_ll_utils.o
START GROUP
LOAD c:/st/stm32cubeide_1.5.0/stm32cubeide/plugins/com.st.stm32cube.ide.mcu.externaltools.gnu-tools-for-stm32.7-2018-q2-update.win32_1.5.0.202011040924/tools/bin/../lib/gcc/arm-none-eabi/7.3.1/../../../../arm-none-eabi/lib/thumb/v7e-m/fpv4-sp/hard\libc_nano.a
LOAD c:/st/stm32cubeide_1.5.0/stm32cubeide/plugins/com.st.stm32cube.ide.mcu.externaltools.gnu-tools-for-stm32.7-2018-q2-update.win32_1.5.0.202011040924/tools/bin/../lib/gcc/arm-none-eabi/7.3.1/../../../../arm-none-eabi/lib/thumb/v7e-m/fpv4-sp/hard\libm.a
END GROUP
START GROUP
LOAD c:/st/stm32cubeide_1.5.0/stm32cubeide/plugins/com.st.stm32cube.ide.mcu.externaltools.gnu-tools-for-stm32.7-2018-q2-update.win32_1.5.0.202011040924/tools/bin/../lib/gcc/arm-none-eabi/7.3.1/thumb/v7e-m/fpv4-sp/hard\libgcc.a
LOAD c:/st/stm32cubeide_1.5.0/stm32cubeide/plugins/com.st.stm32cube.ide.mcu.externaltools.gnu-tools-for-stm32.7-2018-q2-update.win32_1.5.0.202011040924/tools/bin/../lib/gcc/arm-none-eabi/7.3.1/../../../../arm-none-eabi/lib/thumb/v7e-m/fpv4-sp/hard\libc_nano.a
END GROUP
START GROUP
LOAD c:/st/stm32cubeide_1.5.0/stm32cubeide/plugins/com.st.stm32cube.ide.mcu.externaltools.gnu-tools-for-stm32.7-2018-q2-update.win32_1.5.0.202011040924/tools/bin/../lib/gcc/arm-none-eabi/7.3.1/thumb/v7e-m/fpv4-sp/hard\libgcc.a
LOAD c:/st/stm32cubeide_1.5.0/stm32cubeide/plugins/com.st.stm32cube.ide.mcu.externaltools.gnu-tools-for-stm32.7-2018-q2-update.win32_1.5.0.202011040924/tools/bin/../lib/gcc/arm-none-eabi/7.3.1/../../../../arm-none-eabi/lib/thumb/v7e-m/fpv4-sp/hard\libc_nano.a
LOAD c:/st/stm32cubeide_1.5.0/stm32cubeide/plugins/com.st.stm32cube.ide.mcu.externaltools.gnu-tools-for-stm32.7-2018-q2-update.win32_1.5.0.202011040924/tools/bin/../lib/gcc/arm-none-eabi/7.3.1/../../../../arm-none-eabi/lib/thumb/v7e-m/fpv4-sp/hard\libnosys.a
END GROUP
START GROUP
LOAD c:/st/stm32cubeide_1.5.0/stm32cubeide/plugins/com.st.stm32cube.ide.mcu.externaltools.gnu-tools-for-stm32.7-2018-q2-update.win32_1.5.0.202011040924/tools/bin/../lib/gcc/arm-none-eabi/7.3.1/thumb/v7e-m/fpv4-sp/hard\libgcc.a
LOAD c:/st/stm32cubeide_1.5.0/stm32cubeide/plugins/com.st.stm32cube.ide.mcu.externaltools.gnu-tools-for-stm32.7-2018-q2-update.win32_1.5.0.202011040924/tools/bin/../lib/gcc/arm-none-eabi/7.3.1/../../../../arm-none-eabi/lib/thumb/v7e-m/fpv4-sp/hard\libc_nano.a
LOAD c:/st/stm32cubeide_1.5.0/stm32cubeide/plugins/com.st.stm32cube.ide.mcu.externaltools.gnu-tools-for-stm32.7-2018-q2-update.win32_1.5.0.202011040924/tools/bin/../lib/gcc/arm-none-eabi/7.3.1/../../../../arm-none-eabi/lib/thumb/v7e-m/fpv4-sp/hard\libnosys.a
END GROUP
LOAD c:/st/stm32cubeide_1.5.0/stm32cubeide/plugins/com.st.stm32cube.ide.mcu.externaltools.gnu-tools-for-stm32.7-2018-q2-update.win32_1.5.0.202011040924/tools/bin/../lib/gcc/arm-none-eabi/7.3.1/thumb/v7e-m/fpv4-sp/hard/crtend.o
LOAD c:/st/stm32cubeide_1.5.0/stm32cubeide/plugins/com.st.stm32cube.ide.mcu.externaltools.gnu-tools-for-stm32.7-2018-q2-update.win32_1.5.0.202011040924/tools/bin/../lib/gcc/arm-none-eabi/7.3.1/thumb/v7e-m/fpv4-sp/hard/crtn.o
                0x0000000020003000                _estack = (ORIGIN (RAM) + LENGTH (RAM))
                0x0000000000000200                _Min_Heap_Size = 0x200
                0x0000000000000400                _Min_Stack_Size = 0x400

.isr_vector     0x0000000008000000      0x188
                0x0000000008000000                . = ALIGN (0x4)
 *(.isr_vector)
 .isr_vector    0x0000000008000000      0x188 Core/Startup/startup_stm32f303k8tx.o
                0x0000000008000000                g_pfnVectors
                0x0000000008000188                . = ALIGN (0x4)

.text           0x0000000008000188     0x2a78
                0x0000000008000188                . = ALIGN (0x4)
 *(.text)
 .text          0x0000000008000188       0x40 c:/st/stm32cubeide_1.5.0/stm32cubeide/plugins/com.st.stm32cube.ide.mcu.externaltools.gnu-tools-for-stm32.7-2018-q2-update.win32_1.5.0.202011040924/tools/bin/../lib/gcc/arm-none-eabi/7.3.1/thumb/v7e-m/fpv4-sp/hard/crtbegin.o
 .text          0x00000000080001c8       0x14 c:/st/stm32cubeide_1.5.0/stm32cubeide/plugins/com.st.stm32cube.ide.mcu.externaltools.gnu-tools-for-stm32.7-2018-q2-update.win32_1.5.0.202011040924/tools/bin/../lib/gcc/arm-none-eabi/7.3.1/../../../../arm-none-eabi/lib/thumb/v7e-m/fpv4-sp/hard\libc_nano.a(lib_a-strcmp.o)
                0x00000000080001c8                strcmp
 *(.text*)
 .text.__NVIC_EnableIRQ
                0x00000000080001dc       0x3c Core/Src/dma.o
 .text.__NVIC_SetPriority
                0x0000000008000218       0x54 Core/Src/dma.o
 .text.LL_AHB1_GRP1_EnableClock
                0x000000000800026c       0x30 Core/Src/dma.o
 .text.MX_DMA_Init
                0x000000000800029c       0x2a Core/Src/dma.o
                0x000000000800029c                MX_DMA_Init
 *fill*         0x00000000080002c6        0x2 
 .text.LL_AHB1_GRP1_EnableClock
                0x00000000080002c8       0x30 Core/Src/gpio.o
 .text.MX_GPIO_Init
                0x00000000080002f8       0x10 Core/Src/gpio.o
                0x00000000080002f8                MX_GPIO_Init
 .text.__NVIC_SetPriorityGrouping
                0x0000000008000308       0x48 Core/Src/main.o
 .text.LL_RCC_HSI_Enable
                0x0000000008000350       0x20 Core/Src/main.o
 .text.LL_RCC_HSI_IsReady
                0x0000000008000370       0x24 Core/Src/main.o
 .text.LL_RCC_HSI_SetCalibTrimming
                0x0000000008000394       0x2c Core/Src/main.o
 .text.LL_RCC_SetSysClkSource
                0x00000000080003c0       0x28 Core/Src/main.o
 .text.LL_RCC_GetSysClkSource
                0x00000000080003e8       0x1c Core/Src/main.o
 .text.LL_RCC_SetAHBPrescaler
                0x0000000008000404       0x28 Core/Src/main.o
 .text.LL_RCC_SetAPB1Prescaler
                0x000000000800042c       0x28 Core/Src/main.o
 .text.LL_RCC_SetAPB2Prescaler
                0x0000000008000454       0x28 Core/Src/main.o
 .text.LL_APB1_GRP1_EnableClock
                0x000000000800047c       0x30 Core/Src/main.o
 .text.LL_APB2_GRP1_EnableClock
                0x00000000080004ac       0x30 Core/Src/main.o
 .text.LL_FLASH_SetLatency
                0x00000000080004dc       0x28 Core/Src/main.o
 .text.LL_FLASH_GetLatency
                0x0000000008000504       0x1c Core/Src/main.o
 .text.LL_TIM_EnableCounter
                0x0000000008000520       0x20 Core/Src/main.o
 .text.LL_TIM_CC_EnableChannel
                0x0000000008000540       0x22 Core/Src/main.o
 .text.LL_TIM_EnableIT_UPDATE
                0x0000000008000562       0x20 Core/Src/main.o
 *fill*         0x0000000008000582        0x2 
 .text.main     0x0000000008000584       0x70 Core/Src/main.o
                0x0000000008000584                main
 .text.setDutyCycle
                0x00000000080005f4       0x1e Core/Src/main.o
                0x00000000080005f4                setDutyCycle
 *fill*         0x0000000008000612        0x2 
 .text.SystemClock_Config
                0x0000000008000614       0x68 Core/Src/main.o
                0x0000000008000614                SystemClock_Config
 .text.proccesDmaData
                0x000000000800067c       0xb0 Core/Src/main.o
                0x000000000800067c                proccesDmaData
 .text.CompareMessage
                0x000000000800072c       0x98 Core/Src/main.o
                0x000000000800072c                CompareMessage
 .text.Error_Handler
                0x00000000080007c4        0xe Core/Src/main.o
                0x00000000080007c4                Error_Handler
 *fill*         0x00000000080007d2        0x2 
 .text.LL_DMA_DisableChannel
                0x00000000080007d4       0x40 Core/Src/stm32f3xx_it.o
 .text.LL_DMA_IsActiveFlag_TC6
                0x0000000008000814       0x28 Core/Src/stm32f3xx_it.o
 .text.LL_DMA_IsActiveFlag_TC7
                0x000000000800083c       0x28 Core/Src/stm32f3xx_it.o
 .text.LL_DMA_IsActiveFlag_HT6
                0x0000000008000864       0x28 Core/Src/stm32f3xx_it.o
 .text.LL_DMA_ClearFlag_TC6
                0x000000000800088c       0x1c Core/Src/stm32f3xx_it.o
 .text.LL_DMA_ClearFlag_TC7
                0x00000000080008a8       0x1c Core/Src/stm32f3xx_it.o
 .text.LL_DMA_ClearFlag_HT6
                0x00000000080008c4       0x1c Core/Src/stm32f3xx_it.o
 .text.LL_TIM_ClearFlag_UPDATE
                0x00000000080008e0       0x1c Core/Src/stm32f3xx_it.o
 .text.LL_TIM_IsActiveFlag_UPDATE
                0x00000000080008fc       0x26 Core/Src/stm32f3xx_it.o
 .text.LL_USART_IsActiveFlag_IDLE
                0x0000000008000922       0x26 Core/Src/stm32f3xx_it.o
 .text.LL_USART_IsActiveFlag_TC
                0x0000000008000948       0x26 Core/Src/stm32f3xx_it.o
 .text.LL_USART_ClearFlag_IDLE
                0x000000000800096e       0x1a Core/Src/stm32f3xx_it.o
 .text.NMI_Handler
                0x0000000008000988        0xe Core/Src/stm32f3xx_it.o
                0x0000000008000988                NMI_Handler
 .text.HardFault_Handler
                0x0000000008000996        0x6 Core/Src/stm32f3xx_it.o
                0x0000000008000996                HardFault_Handler
 .text.MemManage_Handler
                0x000000000800099c        0x6 Core/Src/stm32f3xx_it.o
                0x000000000800099c                MemManage_Handler
 .text.BusFault_Handler
                0x00000000080009a2        0x6 Core/Src/stm32f3xx_it.o
                0x00000000080009a2                BusFault_Handler
 .text.UsageFault_Handler
                0x00000000080009a8        0x6 Core/Src/stm32f3xx_it.o
                0x00000000080009a8                UsageFault_Handler
 .text.SVC_Handler
                0x00000000080009ae        0xe Core/Src/stm32f3xx_it.o
                0x00000000080009ae                SVC_Handler
 .text.DebugMon_Handler
                0x00000000080009bc        0xe Core/Src/stm32f3xx_it.o
                0x00000000080009bc                DebugMon_Handler
 .text.PendSV_Handler
                0x00000000080009ca        0xe Core/Src/stm32f3xx_it.o
                0x00000000080009ca                PendSV_Handler
 .text.SysTick_Handler
                0x00000000080009d8        0xe Core/Src/stm32f3xx_it.o
                0x00000000080009d8                SysTick_Handler
 *fill*         0x00000000080009e6        0x2 
 .text.DMA1_Channel6_IRQHandler
                0x00000000080009e8       0x3c Core/Src/stm32f3xx_it.o
                0x00000000080009e8                DMA1_Channel6_IRQHandler
 .text.DMA1_Channel7_IRQHandler
                0x0000000008000a24       0x38 Core/Src/stm32f3xx_it.o
                0x0000000008000a24                DMA1_Channel7_IRQHandler
 .text.TIM3_IRQHandler
                0x0000000008000a5c       0x6c Core/Src/stm32f3xx_it.o
                0x0000000008000a5c                TIM3_IRQHandler
 .text.USART2_IRQHandler
                0x0000000008000ac8       0x24 Core/Src/stm32f3xx_it.o
                0x0000000008000ac8                USART2_IRQHandler
 .text.toggleLed
                0x0000000008000aec       0x44 Core/Src/stm32f3xx_it.o
                0x0000000008000aec                toggleLed
 .text.increase
                0x0000000008000b30       0x24 Core/Src/stm32f3xx_it.o
                0x0000000008000b30                increase
 .text.decrease
                0x0000000008000b54       0x24 Core/Src/stm32f3xx_it.o
                0x0000000008000b54                decrease
 .text.SystemInit
                0x0000000008000b78       0x2c Core/Src/system_stm32f3xx.o
                0x0000000008000b78                SystemInit
 .text.__NVIC_GetPriorityGrouping
                0x0000000008000ba4       0x1c Core/Src/tim.o
 .text.__NVIC_EnableIRQ
                0x0000000008000bc0       0x3c Core/Src/tim.o
 .text.__NVIC_SetPriority
                0x0000000008000bfc       0x54 Core/Src/tim.o
 .text.NVIC_EncodePriority
                0x0000000008000c50       0x66 Core/Src/tim.o
 *fill*         0x0000000008000cb6        0x2 
 .text.LL_AHB1_GRP1_EnableClock
                0x0000000008000cb8       0x30 Core/Src/tim.o
 .text.LL_APB1_GRP1_EnableClock
                0x0000000008000ce8       0x30 Core/Src/tim.o
 .text.LL_TIM_DisableARRPreload
                0x0000000008000d18       0x20 Core/Src/tim.o
 .text.LL_TIM_OC_DisableFast
                0x0000000008000d38       0x9c Core/Src/tim.o
 .text.LL_TIM_OC_EnablePreload
                0x0000000008000dd4       0x9c Core/Src/tim.o
 .text.LL_TIM_SetClockSource
                0x0000000008000e70       0x2a Core/Src/tim.o
 .text.LL_TIM_SetTriggerOutput
                0x0000000008000e9a       0x26 Core/Src/tim.o
 .text.LL_TIM_DisableMasterSlaveMode
                0x0000000008000ec0       0x20 Core/Src/tim.o
 .text.MX_TIM2_Init
                0x0000000008000ee0       0xea Core/Src/tim.o
                0x0000000008000ee0                MX_TIM2_Init
 *fill*         0x0000000008000fca        0x2 
 .text.MX_TIM3_Init
                0x0000000008000fcc       0xb8 Core/Src/tim.o
                0x0000000008000fcc                MX_TIM3_Init
 .text.__NVIC_EnableIRQ
                0x0000000008001084       0x3c Core/Src/usart.o
 .text.__NVIC_SetPriority
                0x00000000080010c0       0x54 Core/Src/usart.o
 .text.LL_DMA_EnableChannel
                0x0000000008001114       0x40 Core/Src/usart.o
 .text.LL_DMA_DisableChannel
                0x0000000008001154       0x40 Core/Src/usart.o
 .text.LL_DMA_SetDataTransferDirection
                0x0000000008001194       0x4c Core/Src/usart.o
 .text.LL_DMA_GetDataTransferDirection
                0x00000000080011e0       0x30 Core/Src/usart.o
 .text.LL_DMA_SetMode
                0x0000000008001210       0x48 Core/Src/usart.o
 .text.LL_DMA_SetPeriphIncMode
                0x0000000008001258       0x48 Core/Src/usart.o
 .text.LL_DMA_SetMemoryIncMode
                0x00000000080012a0       0x48 Core/Src/usart.o
 .text.LL_DMA_SetPeriphSize
                0x00000000080012e8       0x48 Core/Src/usart.o
 .text.LL_DMA_SetMemorySize
                0x0000000008001330       0x48 Core/Src/usart.o
 .text.LL_DMA_SetChannelPriorityLevel
                0x0000000008001378       0x48 Core/Src/usart.o
 .text.LL_DMA_SetDataLength
                0x00000000080013c0       0x48 Core/Src/usart.o
 .text.LL_DMA_GetDataLength
                0x0000000008001408       0x2c Core/Src/usart.o
 .text.LL_DMA_ConfigAddresses
                0x0000000008001434       0x78 Core/Src/usart.o
 .text.LL_DMA_SetPeriphAddress
                0x00000000080014ac       0x30 Core/Src/usart.o
 .text.LL_DMA_EnableIT_TE
                0x00000000080014dc       0x40 Core/Src/usart.o
 .text.LL_AHB1_GRP1_EnableClock
                0x000000000800151c       0x30 Core/Src/usart.o
 .text.LL_APB1_GRP1_EnableClock
                0x000000000800154c       0x30 Core/Src/usart.o
 .text.LL_USART_Enable
                0x000000000800157c       0x20 Core/Src/usart.o
 .text.LL_USART_ConfigAsyncMode
                0x000000000800159c       0x2c Core/Src/usart.o
 .text.LL_USART_DisableIT_CTS
                0x00000000080015c8       0x20 Core/Src/usart.o
 .text.LL_USART_EnableDMAReq_RX
                0x00000000080015e8       0x20 Core/Src/usart.o
 .text.LL_USART_EnableDMAReq_TX
                0x0000000008001608       0x20 Core/Src/usart.o
 .text.LL_USART_DMA_GetRegAddr
                0x0000000008001628       0x2a Core/Src/usart.o
 *fill*         0x0000000008001652        0x2 
 .text.USART2_RegisterCallback
                0x0000000008001654       0x24 Core/Src/usart.o
                0x0000000008001654                USART2_RegisterCallback
 .text.MX_USART2_UART_Init
                0x0000000008001678      0x1b0 Core/Src/usart.o
                0x0000000008001678                MX_USART2_UART_Init
 .text.USART2_CheckDmaReception
                0x0000000008001828      0x120 Core/Src/usart.o
                0x0000000008001828                USART2_CheckDmaReception
 .text.Reset_Handler
                0x0000000008001948       0x50 Core/Startup/startup_stm32f303k8tx.o
                0x0000000008001948                Reset_Handler
 .text.Default_Handler
                0x0000000008001998        0x2 Core/Startup/startup_stm32f303k8tx.o
                0x0000000008001998                RTC_Alarm_IRQHandler
                0x0000000008001998                TIM1_CC_IRQHandler
                0x0000000008001998                PVD_IRQHandler
                0x0000000008001998                TAMP_STAMP_IRQHandler
                0x0000000008001998                EXTI3_IRQHandler
                0x0000000008001998                EXTI0_IRQHandler
                0x0000000008001998                FPU_IRQHandler
                0x0000000008001998                CAN_TX_IRQHandler
                0x0000000008001998                TIM1_UP_TIM16_IRQHandler
                0x0000000008001998                ADC1_2_IRQHandler
                0x0000000008001998                SPI1_IRQHandler
                0x0000000008001998                CAN_SCE_IRQHandler
                0x0000000008001998                DMA1_Channel4_IRQHandler
                0x0000000008001998                USART3_IRQHandler
                0x0000000008001998                TIM7_DAC2_IRQHandler
                0x0000000008001998                CAN_RX1_IRQHandler
                0x0000000008001998                I2C1_EV_IRQHandler
                0x0000000008001998                RCC_IRQHandler
                0x0000000008001998                DMA1_Channel1_IRQHandler
                0x0000000008001998                Default_Handler
                0x0000000008001998                EXTI15_10_IRQHandler
                0x0000000008001998                COMP2_IRQHandler
                0x0000000008001998                TIM6_DAC1_IRQHandler
                0x0000000008001998                EXTI9_5_IRQHandler
                0x0000000008001998                RTC_WKUP_IRQHandler
                0x0000000008001998                DMA1_Channel5_IRQHandler
                0x0000000008001998                EXTI4_IRQHandler
                0x0000000008001998                TIM1_TRG_COM_TIM17_IRQHandler
                0x0000000008001998                DMA1_Channel3_IRQHandler
                0x0000000008001998                WWDG_IRQHandler
                0x0000000008001998                TIM2_IRQHandler
                0x0000000008001998                EXTI1_IRQHandler
                0x0000000008001998                COMP4_6_IRQHandler
                0x0000000008001998                DMA1_Channel2_IRQHandler
                0x0000000008001998                FLASH_IRQHandler
                0x0000000008001998                USART1_IRQHandler
                0x0000000008001998                CAN_RX0_IRQHandler
                0x0000000008001998                I2C1_ER_IRQHandler
                0x0000000008001998                EXTI2_TSC_IRQHandler
                0x0000000008001998                TIM1_BRK_TIM15_IRQHandler
 .text.LL_GPIO_SetPinMode
                0x000000000800199a       0x5e Drivers/STM32F3xx_HAL_Driver/Src/stm32f3xx_ll_gpio.o
 .text.LL_GPIO_SetPinOutputType
                0x00000000080019f8       0x30 Drivers/STM32F3xx_HAL_Driver/Src/stm32f3xx_ll_gpio.o
 .text.LL_GPIO_SetPinSpeed
                0x0000000008001a28       0x5e Drivers/STM32F3xx_HAL_Driver/Src/stm32f3xx_ll_gpio.o
 .text.LL_GPIO_SetPinPull
                0x0000000008001a86       0x5e Drivers/STM32F3xx_HAL_Driver/Src/stm32f3xx_ll_gpio.o
 .text.LL_GPIO_SetAFPin_0_7
                0x0000000008001ae4       0x5e Drivers/STM32F3xx_HAL_Driver/Src/stm32f3xx_ll_gpio.o
 .text.LL_GPIO_SetAFPin_8_15
                0x0000000008001b42       0x62 Drivers/STM32F3xx_HAL_Driver/Src/stm32f3xx_ll_gpio.o
 .text.LL_GPIO_Init
                0x0000000008001ba4       0xe0 Drivers/STM32F3xx_HAL_Driver/Src/stm32f3xx_ll_gpio.o
                0x0000000008001ba4                LL_GPIO_Init
 .text.LL_RCC_HSI_IsReady
                0x0000000008001c84       0x24 Drivers/STM32F3xx_HAL_Driver/Src/stm32f3xx_ll_rcc.o
 .text.LL_RCC_LSE_IsReady
                0x0000000008001ca8       0x24 Drivers/STM32F3xx_HAL_Driver/Src/stm32f3xx_ll_rcc.o
 .text.LL_RCC_GetSysClkSource
                0x0000000008001ccc       0x1c Drivers/STM32F3xx_HAL_Driver/Src/stm32f3xx_ll_rcc.o
 .text.LL_RCC_GetAHBPrescaler
                0x0000000008001ce8       0x1c Drivers/STM32F3xx_HAL_Driver/Src/stm32f3xx_ll_rcc.o
 .text.LL_RCC_GetAPB1Prescaler
                0x0000000008001d04       0x1c Drivers/STM32F3xx_HAL_Driver/Src/stm32f3xx_ll_rcc.o
 .text.LL_RCC_GetAPB2Prescaler
                0x0000000008001d20       0x1c Drivers/STM32F3xx_HAL_Driver/Src/stm32f3xx_ll_rcc.o
 .text.LL_RCC_GetUSARTClockSource
                0x0000000008001d3c       0x2c Drivers/STM32F3xx_HAL_Driver/Src/stm32f3xx_ll_rcc.o
 .text.LL_RCC_PLL_GetMainSource
                0x0000000008001d68       0x1c Drivers/STM32F3xx_HAL_Driver/Src/stm32f3xx_ll_rcc.o
 .text.LL_RCC_PLL_GetMultiplicator
                0x0000000008001d84       0x1c Drivers/STM32F3xx_HAL_Driver/Src/stm32f3xx_ll_rcc.o
 .text.LL_RCC_PLL_GetPrediv
                0x0000000008001da0       0x1c Drivers/STM32F3xx_HAL_Driver/Src/stm32f3xx_ll_rcc.o
 .text.LL_RCC_GetSystemClocksFreq
                0x0000000008001dbc       0x4a Drivers/STM32F3xx_HAL_Driver/Src/stm32f3xx_ll_rcc.o
                0x0000000008001dbc                LL_RCC_GetSystemClocksFreq
 *fill*         0x0000000008001e06        0x2 
 .text.LL_RCC_GetUSARTClockFreq
                0x0000000008001e08       0x80 Drivers/STM32F3xx_HAL_Driver/Src/stm32f3xx_ll_rcc.o
                0x0000000008001e08                LL_RCC_GetUSARTClockFreq
 .text.RCC_GetSystemClockFreq
                0x0000000008001e88       0x44 Drivers/STM32F3xx_HAL_Driver/Src/stm32f3xx_ll_rcc.o
                0x0000000008001e88                RCC_GetSystemClockFreq
 .text.RCC_GetHCLKClockFreq
                0x0000000008001ecc       0x2c Drivers/STM32F3xx_HAL_Driver/Src/stm32f3xx_ll_rcc.o
                0x0000000008001ecc                RCC_GetHCLKClockFreq
 .text.RCC_GetPCLK1ClockFreq
                0x0000000008001ef8       0x28 Drivers/STM32F3xx_HAL_Driver/Src/stm32f3xx_ll_rcc.o
                0x0000000008001ef8                RCC_GetPCLK1ClockFreq
 .text.RCC_GetPCLK2ClockFreq
                0x0000000008001f20       0x28 Drivers/STM32F3xx_HAL_Driver/Src/stm32f3xx_ll_rcc.o
                0x0000000008001f20                RCC_GetPCLK2ClockFreq
 .text.RCC_PLL_GetFreqDomain_SYS
                0x0000000008001f48       0x7c Drivers/STM32F3xx_HAL_Driver/Src/stm32f3xx_ll_rcc.o
                0x0000000008001f48                RCC_PLL_GetFreqDomain_SYS
 .text.LL_TIM_SetPrescaler
                0x0000000008001fc4       0x1c Drivers/STM32F3xx_HAL_Driver/Src/stm32f3xx_ll_tim.o
 .text.LL_TIM_SetAutoReload
                0x0000000008001fe0       0x1c Drivers/STM32F3xx_HAL_Driver/Src/stm32f3xx_ll_tim.o
 .text.LL_TIM_SetRepetitionCounter
                0x0000000008001ffc       0x1c Drivers/STM32F3xx_HAL_Driver/Src/stm32f3xx_ll_tim.o
 .text.LL_TIM_OC_SetCompareCH1
                0x0000000008002018       0x1c Drivers/STM32F3xx_HAL_Driver/Src/stm32f3xx_ll_tim.o
 .text.LL_TIM_OC_SetCompareCH2
                0x0000000008002034       0x1c Drivers/STM32F3xx_HAL_Driver/Src/stm32f3xx_ll_tim.o
 .text.LL_TIM_OC_SetCompareCH3
                0x0000000008002050       0x1c Drivers/STM32F3xx_HAL_Driver/Src/stm32f3xx_ll_tim.o
 .text.LL_TIM_OC_SetCompareCH4
                0x000000000800206c       0x1c Drivers/STM32F3xx_HAL_Driver/Src/stm32f3xx_ll_tim.o
 .text.LL_TIM_OC_SetCompareCH5
                0x0000000008002088       0x20 Drivers/STM32F3xx_HAL_Driver/Src/stm32f3xx_ll_tim.o
 .text.LL_TIM_OC_SetCompareCH6
                0x00000000080020a8       0x1c Drivers/STM32F3xx_HAL_Driver/Src/stm32f3xx_ll_tim.o
 .text.LL_TIM_GenerateEvent_UPDATE
                0x00000000080020c4       0x20 Drivers/STM32F3xx_HAL_Driver/Src/stm32f3xx_ll_tim.o
 .text.LL_TIM_Init
                0x00000000080020e4       0xe4 Drivers/STM32F3xx_HAL_Driver/Src/stm32f3xx_ll_tim.o
                0x00000000080020e4                LL_TIM_Init
 .text.LL_TIM_OC_Init
                0x00000000080021c8       0x9a Drivers/STM32F3xx_HAL_Driver/Src/stm32f3xx_ll_tim.o
                0x00000000080021c8                LL_TIM_OC_Init
 *fill*         0x0000000008002262        0x2 
 .text.OC1Config
                0x0000000008002264       0xf4 Drivers/STM32F3xx_HAL_Driver/Src/stm32f3xx_ll_tim.o
 .text.OC2Config
                0x0000000008002358       0xfc Drivers/STM32F3xx_HAL_Driver/Src/stm32f3xx_ll_tim.o
 .text.OC3Config
                0x0000000008002454       0xfc Drivers/STM32F3xx_HAL_Driver/Src/stm32f3xx_ll_tim.o
 .text.OC4Config
                0x0000000008002550       0xcc Drivers/STM32F3xx_HAL_Driver/Src/stm32f3xx_ll_tim.o
 .text.OC5Config
                0x000000000800261c       0xbc Drivers/STM32F3xx_HAL_Driver/Src/stm32f3xx_ll_tim.o
 .text.OC6Config
                0x00000000080026d8       0xbc Drivers/STM32F3xx_HAL_Driver/Src/stm32f3xx_ll_tim.o
 .text.LL_USART_IsEnabled
                0x0000000008002794       0x26 Drivers/STM32F3xx_HAL_Driver/Src/stm32f3xx_ll_usart.o
 .text.LL_USART_SetStopBitsLength
                0x00000000080027ba       0x26 Drivers/STM32F3xx_HAL_Driver/Src/stm32f3xx_ll_usart.o
 .text.LL_USART_SetHWFlowCtrl
                0x00000000080027e0       0x26 Drivers/STM32F3xx_HAL_Driver/Src/stm32f3xx_ll_usart.o
 .text.LL_USART_SetBaudRate
                0x0000000008002806       0x64 Drivers/STM32F3xx_HAL_Driver/Src/stm32f3xx_ll_usart.o
 *fill*         0x000000000800286a        0x2 
 .text.LL_USART_Init
                0x000000000800286c       0xd8 Drivers/STM32F3xx_HAL_Driver/Src/stm32f3xx_ll_usart.o
                0x000000000800286c                LL_USART_Init
 .text.LL_InitTick
                0x0000000008002944       0x34 Drivers/STM32F3xx_HAL_Driver/Src/stm32f3xx_ll_utils.o
 .text.LL_Init1msTick
                0x0000000008002978       0x1a Drivers/STM32F3xx_HAL_Driver/Src/stm32f3xx_ll_utils.o
                0x0000000008002978                LL_Init1msTick
 *fill*         0x0000000008002992        0x2 
 .text.LL_mDelay
                0x0000000008002994       0x48 Drivers/STM32F3xx_HAL_Driver/Src/stm32f3xx_ll_utils.o
                0x0000000008002994                LL_mDelay
 .text.LL_SetSystemCoreClock
                0x00000000080029dc       0x20 Drivers/STM32F3xx_HAL_Driver/Src/stm32f3xx_ll_utils.o
                0x00000000080029dc                LL_SetSystemCoreClock
 .text.atoi     0x00000000080029fc        0x8 c:/st/stm32cubeide_1.5.0/stm32cubeide/plugins/com.st.stm32cube.ide.mcu.externaltools.gnu-tools-for-stm32.7-2018-q2-update.win32_1.5.0.202011040924/tools/bin/../lib/gcc/arm-none-eabi/7.3.1/../../../../arm-none-eabi/lib/thumb/v7e-m/fpv4-sp/hard\libc_nano.a(lib_a-atoi.o)
                0x00000000080029fc                atoi
 .text.__libc_init_array
                0x0000000008002a04       0x48 c:/st/stm32cubeide_1.5.0/stm32cubeide/plugins/com.st.stm32cube.ide.mcu.externaltools.gnu-tools-for-stm32.7-2018-q2-update.win32_1.5.0.202011040924/tools/bin/../lib/gcc/arm-none-eabi/7.3.1/../../../../arm-none-eabi/lib/thumb/v7e-m/fpv4-sp/hard\libc_nano.a(lib_a-init.o)
                0x0000000008002a04                __libc_init_array
 .text.memset   0x0000000008002a4c       0x10 c:/st/stm32cubeide_1.5.0/stm32cubeide/plugins/com.st.stm32cube.ide.mcu.externaltools.gnu-tools-for-stm32.7-2018-q2-update.win32_1.5.0.202011040924/tools/bin/../lib/gcc/arm-none-eabi/7.3.1/../../../../arm-none-eabi/lib/thumb/v7e-m/fpv4-sp/hard\libc_nano.a(lib_a-memset.o)
                0x0000000008002a4c                memset
 .text.strncmp  0x0000000008002a5c       0x24 c:/st/stm32cubeide_1.5.0/stm32cubeide/plugins/com.st.stm32cube.ide.mcu.externaltools.gnu-tools-for-stm32.7-2018-q2-update.win32_1.5.0.202011040924/tools/bin/../lib/gcc/arm-none-eabi/7.3.1/../../../../arm-none-eabi/lib/thumb/v7e-m/fpv4-sp/hard\libc_nano.a(lib_a-strncmp.o)
                0x0000000008002a5c                strncmp
 .text._strtol_l.isra.0
                0x0000000008002a80       0xf6 c:/st/stm32cubeide_1.5.0/stm32cubeide/plugins/com.st.stm32cube.ide.mcu.externaltools.gnu-tools-for-stm32.7-2018-q2-update.win32_1.5.0.202011040924/tools/bin/../lib/gcc/arm-none-eabi/7.3.1/../../../../arm-none-eabi/lib/thumb/v7e-m/fpv4-sp/hard\libc_nano.a(lib_a-strtol.o)
 *fill*         0x0000000008002b76        0x2 
 .text.strtol   0x0000000008002b78       0x2c c:/st/stm32cubeide_1.5.0/stm32cubeide/plugins/com.st.stm32cube.ide.mcu.externaltools.gnu-tools-for-stm32.7-2018-q2-update.win32_1.5.0.202011040924/tools/bin/../lib/gcc/arm-none-eabi/7.3.1/../../../../arm-none-eabi/lib/thumb/v7e-m/fpv4-sp/hard\libc_nano.a(lib_a-strtol.o)
                0x0000000008002b78                strtol
 .text.__locale_ctype_ptr_l
                0x0000000008002ba4        0x6 c:/st/stm32cubeide_1.5.0/stm32cubeide/plugins/com.st.stm32cube.ide.mcu.externaltools.gnu-tools-for-stm32.7-2018-q2-update.win32_1.5.0.202011040924/tools/bin/../lib/gcc/arm-none-eabi/7.3.1/../../../../arm-none-eabi/lib/thumb/v7e-m/fpv4-sp/hard\libc_nano.a(lib_a-locale.o)
                0x0000000008002ba4                __locale_ctype_ptr_l
 .text.__ascii_mbtowc
                0x0000000008002baa       0x24 c:/st/stm32cubeide_1.5.0/stm32cubeide/plugins/com.st.stm32cube.ide.mcu.externaltools.gnu-tools-for-stm32.7-2018-q2-update.win32_1.5.0.202011040924/tools/bin/../lib/gcc/arm-none-eabi/7.3.1/../../../../arm-none-eabi/lib/thumb/v7e-m/fpv4-sp/hard\libc_nano.a(lib_a-mbtowc_r.o)
                0x0000000008002baa                __ascii_mbtowc
 .text.__ascii_wctomb
                0x0000000008002bce       0x1a c:/st/stm32cubeide_1.5.0/stm32cubeide/plugins/com.st.stm32cube.ide.mcu.externaltools.gnu-tools-for-stm32.7-2018-q2-update.win32_1.5.0.202011040924/tools/bin/../lib/gcc/arm-none-eabi/7.3.1/../../../../arm-none-eabi/lib/thumb/v7e-m/fpv4-sp/hard\libc_nano.a(lib_a-wctomb_r.o)
                0x0000000008002bce                __ascii_wctomb
 *(.glue_7)
 .glue_7        0x0000000008002be8        0x0 linker stubs
 *(.glue_7t)
 .glue_7t       0x0000000008002be8        0x0 linker stubs
 *(.eh_frame)
 .eh_frame      0x0000000008002be8        0x0 c:/st/stm32cubeide_1.5.0/stm32cubeide/plugins/com.st.stm32cube.ide.mcu.externaltools.gnu-tools-for-stm32.7-2018-q2-update.win32_1.5.0.202011040924/tools/bin/../lib/gcc/arm-none-eabi/7.3.1/thumb/v7e-m/fpv4-sp/hard/crtbegin.o
 *(.init)
 .init          0x0000000008002be8        0x4 c:/st/stm32cubeide_1.5.0/stm32cubeide/plugins/com.st.stm32cube.ide.mcu.externaltools.gnu-tools-for-stm32.7-2018-q2-update.win32_1.5.0.202011040924/tools/bin/../lib/gcc/arm-none-eabi/7.3.1/thumb/v7e-m/fpv4-sp/hard/crti.o
                0x0000000008002be8                _init
 .init          0x0000000008002bec        0x8 c:/st/stm32cubeide_1.5.0/stm32cubeide/plugins/com.st.stm32cube.ide.mcu.externaltools.gnu-tools-for-stm32.7-2018-q2-update.win32_1.5.0.202011040924/tools/bin/../lib/gcc/arm-none-eabi/7.3.1/thumb/v7e-m/fpv4-sp/hard/crtn.o
 *(.fini)
 .fini          0x0000000008002bf4        0x4 c:/st/stm32cubeide_1.5.0/stm32cubeide/plugins/com.st.stm32cube.ide.mcu.externaltools.gnu-tools-for-stm32.7-2018-q2-update.win32_1.5.0.202011040924/tools/bin/../lib/gcc/arm-none-eabi/7.3.1/thumb/v7e-m/fpv4-sp/hard/crti.o
                0x0000000008002bf4                _fini
 .fini          0x0000000008002bf8        0x8 c:/st/stm32cubeide_1.5.0/stm32cubeide/plugins/com.st.stm32cube.ide.mcu.externaltools.gnu-tools-for-stm32.7-2018-q2-update.win32_1.5.0.202011040924/tools/bin/../lib/gcc/arm-none-eabi/7.3.1/thumb/v7e-m/fpv4-sp/hard/crtn.o
                0x0000000008002c00                . = ALIGN (0x4)
                0x0000000008002c00                _etext = .

.vfp11_veneer   0x0000000008002c00        0x0
 .vfp11_veneer  0x0000000008002c00        0x0 linker stubs

.v4_bx          0x0000000008002c00        0x0
 .v4_bx         0x0000000008002c00        0x0 linker stubs

.iplt           0x0000000008002c00        0x0
 .iplt          0x0000000008002c00        0x0 c:/st/stm32cubeide_1.5.0/stm32cubeide/plugins/com.st.stm32cube.ide.mcu.externaltools.gnu-tools-for-stm32.7-2018-q2-update.win32_1.5.0.202011040924/tools/bin/../lib/gcc/arm-none-eabi/7.3.1/thumb/v7e-m/fpv4-sp/hard/crtbegin.o

.rodata         0x0000000008002c00      0x160
                0x0000000008002c00                . = ALIGN (0x4)
 *(.rodata)
 .rodata        0x0000000008002c00       0x14 Core/Src/main.o
 *(.rodata*)
 .rodata.CHANNEL_OFFSET_TAB
                0x0000000008002c14        0x7 Core/Src/stm32f3xx_it.o
 *fill*         0x0000000008002c1b        0x1 
 .rodata.AHBPrescTable
                0x0000000008002c1c       0x10 Core/Src/system_stm32f3xx.o
                0x0000000008002c1c                AHBPrescTable
 .rodata.APBPrescTable
                0x0000000008002c2c        0x8 Core/Src/system_stm32f3xx.o
                0x0000000008002c2c                APBPrescTable
 .rodata.OFFSET_TAB_CCMRx
                0x0000000008002c34        0x9 Core/Src/tim.o
 *fill*         0x0000000008002c3d        0x3 
 .rodata.SHIFT_TAB_OCxx
                0x0000000008002c40        0x9 Core/Src/tim.o
 *fill*         0x0000000008002c49        0x3 
 .rodata.CHANNEL_OFFSET_TAB
                0x0000000008002c4c        0x7 Core/Src/usart.o
 .rodata._setlocale_r.str1.1
                0x0000000008002c53        0x8 c:/st/stm32cubeide_1.5.0/stm32cubeide/plugins/com.st.stm32cube.ide.mcu.externaltools.gnu-tools-for-stm32.7-2018-q2-update.win32_1.5.0.202011040924/tools/bin/../lib/gcc/arm-none-eabi/7.3.1/../../../../arm-none-eabi/lib/thumb/v7e-m/fpv4-sp/hard\libc_nano.a(lib_a-locale.o)
                                          0x9 (size before relaxing)
 .rodata.str1.1
                0x0000000008002c5b        0x2 c:/st/stm32cubeide_1.5.0/stm32cubeide/plugins/com.st.stm32cube.ide.mcu.externaltools.gnu-tools-for-stm32.7-2018-q2-update.win32_1.5.0.202011040924/tools/bin/../lib/gcc/arm-none-eabi/7.3.1/../../../../arm-none-eabi/lib/thumb/v7e-m/fpv4-sp/hard\libc_nano.a(lib_a-locale.o)
 .rodata._ctype_
                0x0000000008002c5d      0x101 c:/st/stm32cubeide_1.5.0/stm32cubeide/plugins/com.st.stm32cube.ide.mcu.externaltools.gnu-tools-for-stm32.7-2018-q2-update.win32_1.5.0.202011040924/tools/bin/../lib/gcc/arm-none-eabi/7.3.1/../../../../arm-none-eabi/lib/thumb/v7e-m/fpv4-sp/hard\libc_nano.a(lib_a-ctype_.o)
                0x0000000008002c5d                _ctype_
                0x0000000008002d60                . = ALIGN (0x4)
 *fill*         0x0000000008002d5e        0x2 

.rel.dyn        0x0000000008002d60        0x0
 .rel.iplt      0x0000000008002d60        0x0 c:/st/stm32cubeide_1.5.0/stm32cubeide/plugins/com.st.stm32cube.ide.mcu.externaltools.gnu-tools-for-stm32.7-2018-q2-update.win32_1.5.0.202011040924/tools/bin/../lib/gcc/arm-none-eabi/7.3.1/thumb/v7e-m/fpv4-sp/hard/crtbegin.o

.ARM.extab      0x0000000008002d60        0x0
                0x0000000008002d60                . = ALIGN (0x4)
 *(.ARM.extab* .gnu.linkonce.armextab.*)
                0x0000000008002d60                . = ALIGN (0x4)

.ARM            0x0000000008002d60        0x0
                0x0000000008002d60                . = ALIGN (0x4)
                0x0000000008002d60                __exidx_start = .
 *(.ARM.exidx*)
                0x0000000008002d60                __exidx_end = .
                0x0000000008002d60                . = ALIGN (0x4)

.preinit_array  0x0000000008002d60        0x0
                0x0000000008002d60                . = ALIGN (0x4)
                0x0000000008002d60                PROVIDE (__preinit_array_start = .)
 *(.preinit_array*)
                0x0000000008002d60                PROVIDE (__preinit_array_end = .)
                0x0000000008002d60                . = ALIGN (0x4)

.init_array     0x0000000008002d60        0x4
                0x0000000008002d60                . = ALIGN (0x4)
                0x0000000008002d60                PROVIDE (__init_array_start = .)
 *(SORT_BY_NAME(.init_array.*))
 *(.init_array*)
 .init_array    0x0000000008002d60        0x4 c:/st/stm32cubeide_1.5.0/stm32cubeide/plugins/com.st.stm32cube.ide.mcu.externaltools.gnu-tools-for-stm32.7-2018-q2-update.win32_1.5.0.202011040924/tools/bin/../lib/gcc/arm-none-eabi/7.3.1/thumb/v7e-m/fpv4-sp/hard/crtbegin.o
                0x0000000008002d64                PROVIDE (__init_array_end = .)
                0x0000000008002d64                . = ALIGN (0x4)

.fini_array     0x0000000008002d64        0x4
                0x0000000008002d64                . = ALIGN (0x4)
                [!provide]                        PROVIDE (__fini_array_start = .)
 *(SORT_BY_NAME(.fini_array.*))
 *(.fini_array*)
 .fini_array    0x0000000008002d64        0x4 c:/st/stm32cubeide_1.5.0/stm32cubeide/plugins/com.st.stm32cube.ide.mcu.externaltools.gnu-tools-for-stm32.7-2018-q2-update.win32_1.5.0.202011040924/tools/bin/../lib/gcc/arm-none-eabi/7.3.1/thumb/v7e-m/fpv4-sp/hard/crtbegin.o
                [!provide]                        PROVIDE (__fini_array_end = .)
                0x0000000008002d68                . = ALIGN (0x4)
                0x0000000008002d68                _sidata = LOADADDR (.data)

.data           0x0000000020000000      0x1e0 load address 0x0000000008002d68
                0x0000000020000000                . = ALIGN (0x4)
                0x0000000020000000                _sdata = .
 *(.data)
 *(.data*)
 .data.autoON   0x0000000020000000        0x4 Core/Src/main.o
                0x0000000020000000                autoON
 .data.PWM      0x0000000020000004        0x4 Core/Src/main.o
                0x0000000020000004                PWM
 .data.enteredmode
                0x0000000020000008        0x4 Core/Src/main.o
                0x0000000020000008                enteredmode
 .data.SystemCoreClock
                0x000000002000000c        0x4 Core/Src/system_stm32f3xx.o
                0x000000002000000c                SystemCoreClock
 .data._impure_ptr
                0x0000000020000010        0x4 c:/st/stm32cubeide_1.5.0/stm32cubeide/plugins/com.st.stm32cube.ide.mcu.externaltools.gnu-tools-for-stm32.7-2018-q2-update.win32_1.5.0.202011040924/tools/bin/../lib/gcc/arm-none-eabi/7.3.1/../../../../arm-none-eabi/lib/thumb/v7e-m/fpv4-sp/hard\libc_nano.a(lib_a-impure.o)
                0x0000000020000010                _impure_ptr
 .data.impure_data
                0x0000000020000014       0x60 c:/st/stm32cubeide_1.5.0/stm32cubeide/plugins/com.st.stm32cube.ide.mcu.externaltools.gnu-tools-for-stm32.7-2018-q2-update.win32_1.5.0.202011040924/tools/bin/../lib/gcc/arm-none-eabi/7.3.1/../../../../arm-none-eabi/lib/thumb/v7e-m/fpv4-sp/hard\libc_nano.a(lib_a-impure.o)
 .data.__global_locale
                0x0000000020000074      0x16c c:/st/stm32cubeide_1.5.0/stm32cubeide/plugins/com.st.stm32cube.ide.mcu.externaltools.gnu-tools-for-stm32.7-2018-q2-update.win32_1.5.0.202011040924/tools/bin/../lib/gcc/arm-none-eabi/7.3.1/../../../../arm-none-eabi/lib/thumb/v7e-m/fpv4-sp/hard\libc_nano.a(lib_a-locale.o)
                0x0000000020000074                __global_locale
                0x00000000200001e0                . = ALIGN (0x4)
                0x00000000200001e0                _edata = .

.igot.plt       0x00000000200001e0        0x0 load address 0x0000000008002f48
 .igot.plt      0x00000000200001e0        0x0 c:/st/stm32cubeide_1.5.0/stm32cubeide/plugins/com.st.stm32cube.ide.mcu.externaltools.gnu-tools-for-stm32.7-2018-q2-update.win32_1.5.0.202011040924/tools/bin/../lib/gcc/arm-none-eabi/7.3.1/thumb/v7e-m/fpv4-sp/hard/crtbegin.o
                0x00000000200001e0                . = ALIGN (0x4)

.bss            0x00000000200001e0      0x15c load address 0x0000000008002f48
                0x00000000200001e0                _sbss = .
                0x00000000200001e0                __bss_start__ = _sbss
 *(.bss)
 .bss           0x00000000200001e0       0x1c c:/st/stm32cubeide_1.5.0/stm32cubeide/plugins/com.st.stm32cube.ide.mcu.externaltools.gnu-tools-for-stm32.7-2018-q2-update.win32_1.5.0.202011040924/tools/bin/../lib/gcc/arm-none-eabi/7.3.1/thumb/v7e-m/fpv4-sp/hard/crtbegin.o
 *(.bss*)
 .bss.start     0x00000000200001fc        0x4 Core/Src/main.o
                0x00000000200001fc                start
 .bss.message   0x0000000020000200       0x22 Core/Src/main.o
 *fill*         0x0000000020000222        0x2 
 .bss.ledON     0x0000000020000224        0x4 Core/Src/stm32f3xx_it.o
                0x0000000020000224                ledON
 .bss.dutycycle
                0x0000000020000228        0x1 Core/Src/stm32f3xx_it.o
                0x0000000020000228                dutycycle
 *fill*         0x0000000020000229        0x3 
 .bss.USART2_ProcessData
                0x000000002000022c        0x4 Core/Src/usart.o
 .bss.old_pos.9807
                0x0000000020000230        0x2 Core/Src/usart.o
 *(COMMON)
 *fill*         0x0000000020000232        0x2 
 COMMON         0x0000000020000234        0x8 Core/Src/dma.o
                0x0000000020000234                occupied_memory
                0x0000000020000235                Buffer_capacity
                0x0000000020000238                load
 COMMON         0x000000002000023c      0x100 Core/Src/usart.o
                0x000000002000023c                bufferUSART2dma
                0x000000002000033c                . = ALIGN (0x4)
                0x000000002000033c                _ebss = .
                0x000000002000033c                __bss_end__ = _ebss

._user_heap_stack
                0x000000002000033c      0x604 load address 0x0000000008002f48
                0x0000000020000340                . = ALIGN (0x8)
 *fill*         0x000000002000033c        0x4 
                0x0000000020000340                PROVIDE (end = .)
                [!provide]                        PROVIDE (_end = .)
                0x0000000020000540                . = (. + _Min_Heap_Size)
 *fill*         0x0000000020000340      0x200 
                0x0000000020000940                . = (. + _Min_Stack_Size)
 *fill*         0x0000000020000540      0x400 
                0x0000000020000940                . = ALIGN (0x8)

/DISCARD/
 libc.a(*)
 libm.a(*)
 libgcc.a(*)

.ARM.attributes
                0x0000000000000000       0x30
 *(.ARM.attributes)
 .ARM.attributes
                0x0000000000000000       0x22 c:/st/stm32cubeide_1.5.0/stm32cubeide/plugins/com.st.stm32cube.ide.mcu.externaltools.gnu-tools-for-stm32.7-2018-q2-update.win32_1.5.0.202011040924/tools/bin/../lib/gcc/arm-none-eabi/7.3.1/thumb/v7e-m/fpv4-sp/hard/crti.o
 .ARM.attributes
                0x0000000000000022       0x34 c:/st/stm32cubeide_1.5.0/stm32cubeide/plugins/com.st.stm32cube.ide.mcu.externaltools.gnu-tools-for-stm32.7-2018-q2-update.win32_1.5.0.202011040924/tools/bin/../lib/gcc/arm-none-eabi/7.3.1/thumb/v7e-m/fpv4-sp/hard/crtbegin.o
 .ARM.attributes
                0x0000000000000056       0x39 Core/Src/dma.o
 .ARM.attributes
                0x000000000000008f       0x39 Core/Src/gpio.o
 .ARM.attributes
                0x00000000000000c8       0x39 Core/Src/main.o
 .ARM.attributes
                0x0000000000000101       0x39 Core/Src/stm32f3xx_it.o
 .ARM.attributes
                0x000000000000013a       0x39 Core/Src/system_stm32f3xx.o
 .ARM.attributes
                0x0000000000000173       0x39 Core/Src/tim.o
 .ARM.attributes
                0x00000000000001ac       0x39 Core/Src/usart.o
 .ARM.attributes
                0x00000000000001e5       0x21 Core/Startup/startup_stm32f303k8tx.o
 .ARM.attributes
                0x0000000000000206       0x39 Drivers/STM32F3xx_HAL_Driver/Src/stm32f3xx_ll_gpio.o
 .ARM.attributes
                0x000000000000023f       0x39 Drivers/STM32F3xx_HAL_Driver/Src/stm32f3xx_ll_rcc.o
 .ARM.attributes
                0x0000000000000278       0x39 Drivers/STM32F3xx_HAL_Driver/Src/stm32f3xx_ll_tim.o
 .ARM.attributes
                0x00000000000002b1       0x39 Drivers/STM32F3xx_HAL_Driver/Src/stm32f3xx_ll_usart.o
 .ARM.attributes
                0x00000000000002ea       0x39 Drivers/STM32F3xx_HAL_Driver/Src/stm32f3xx_ll_utils.o
 .ARM.attributes
                0x0000000000000323       0x34 c:/st/stm32cubeide_1.5.0/stm32cubeide/plugins/com.st.stm32cube.ide.mcu.externaltools.gnu-tools-for-stm32.7-2018-q2-update.win32_1.5.0.202011040924/tools/bin/../lib/gcc/arm-none-eabi/7.3.1/../../../../arm-none-eabi/lib/thumb/v7e-m/fpv4-sp/hard\libc_nano.a(lib_a-atoi.o)
 .ARM.attributes
                0x0000000000000357       0x34 c:/st/stm32cubeide_1.5.0/stm32cubeide/plugins/com.st.stm32cube.ide.mcu.externaltools.gnu-tools-for-stm32.7-2018-q2-update.win32_1.5.0.202011040924/tools/bin/../lib/gcc/arm-none-eabi/7.3.1/../../../../arm-none-eabi/lib/thumb/v7e-m/fpv4-sp/hard\libc_nano.a(lib_a-impure.o)
 .ARM.attributes
                0x000000000000038b       0x34 c:/st/stm32cubeide_1.5.0/stm32cubeide/plugins/com.st.stm32cube.ide.mcu.externaltools.gnu-tools-for-stm32.7-2018-q2-update.win32_1.5.0.202011040924/tools/bin/../lib/gcc/arm-none-eabi/7.3.1/../../../../arm-none-eabi/lib/thumb/v7e-m/fpv4-sp/hard\libc_nano.a(lib_a-init.o)
 .ARM.attributes
                0x00000000000003bf       0x34 c:/st/stm32cubeide_1.5.0/stm32cubeide/plugins/com.st.stm32cube.ide.mcu.externaltools.gnu-tools-for-stm32.7-2018-q2-update.win32_1.5.0.202011040924/tools/bin/../lib/gcc/arm-none-eabi/7.3.1/../../../../arm-none-eabi/lib/thumb/v7e-m/fpv4-sp/hard\libc_nano.a(lib_a-memset.o)
 .ARM.attributes
                0x00000000000003f3       0x20 c:/st/stm32cubeide_1.5.0/stm32cubeide/plugins/com.st.stm32cube.ide.mcu.externaltools.gnu-tools-for-stm32.7-2018-q2-update.win32_1.5.0.202011040924/tools/bin/../lib/gcc/arm-none-eabi/7.3.1/../../../../arm-none-eabi/lib/thumb/v7e-m/fpv4-sp/hard\libc_nano.a(lib_a-strcmp.o)
 .ARM.attributes
                0x0000000000000413       0x34 c:/st/stm32cubeide_1.5.0/stm32cubeide/plugins/com.st.stm32cube.ide.mcu.externaltools.gnu-tools-for-stm32.7-2018-q2-update.win32_1.5.0.202011040924/tools/bin/../lib/gcc/arm-none-eabi/7.3.1/../../../../arm-none-eabi/lib/thumb/v7e-m/fpv4-sp/hard\libc_nano.a(lib_a-strncmp.o)
 .ARM.attributes
                0x0000000000000447       0x34 c:/st/stm32cubeide_1.5.0/stm32cubeide/plugins/com.st.stm32cube.ide.mcu.externaltools.gnu-tools-for-stm32.7-2018-q2-update.win32_1.5.0.202011040924/tools/bin/../lib/gcc/arm-none-eabi/7.3.1/../../../../arm-none-eabi/lib/thumb/v7e-m/fpv4-sp/hard\libc_nano.a(lib_a-strtol.o)
 .ARM.attributes
                0x000000000000047b       0x34 c:/st/stm32cubeide_1.5.0/stm32cubeide/plugins/com.st.stm32cube.ide.mcu.externaltools.gnu-tools-for-stm32.7-2018-q2-update.win32_1.5.0.202011040924/tools/bin/../lib/gcc/arm-none-eabi/7.3.1/../../../../arm-none-eabi/lib/thumb/v7e-m/fpv4-sp/hard\libc_nano.a(lib_a-locale.o)
 .ARM.attributes
                0x00000000000004af       0x34 c:/st/stm32cubeide_1.5.0/stm32cubeide/plugins/com.st.stm32cube.ide.mcu.externaltools.gnu-tools-for-stm32.7-2018-q2-update.win32_1.5.0.202011040924/tools/bin/../lib/gcc/arm-none-eabi/7.3.1/../../../../arm-none-eabi/lib/thumb/v7e-m/fpv4-sp/hard\libc_nano.a(lib_a-mbtowc_r.o)
 .ARM.attributes
                0x00000000000004e3       0x34 c:/st/stm32cubeide_1.5.0/stm32cubeide/plugins/com.st.stm32cube.ide.mcu.externaltools.gnu-tools-for-stm32.7-2018-q2-update.win32_1.5.0.202011040924/tools/bin/../lib/gcc/arm-none-eabi/7.3.1/../../../../arm-none-eabi/lib/thumb/v7e-m/fpv4-sp/hard\libc_nano.a(lib_a-wctomb_r.o)
 .ARM.attributes
                0x0000000000000517       0x34 c:/st/stm32cubeide_1.5.0/stm32cubeide/plugins/com.st.stm32cube.ide.mcu.externaltools.gnu-tools-for-stm32.7-2018-q2-update.win32_1.5.0.202011040924/tools/bin/../lib/gcc/arm-none-eabi/7.3.1/../../../../arm-none-eabi/lib/thumb/v7e-m/fpv4-sp/hard\libc_nano.a(lib_a-ctype_.o)
 .ARM.attributes
                0x000000000000054b       0x22 c:/st/stm32cubeide_1.5.0/stm32cubeide/plugins/com.st.stm32cube.ide.mcu.externaltools.gnu-tools-for-stm32.7-2018-q2-update.win32_1.5.0.202011040924/tools/bin/../lib/gcc/arm-none-eabi/7.3.1/thumb/v7e-m/fpv4-sp/hard/crtn.o
OUTPUT(Zadanie10.elf elf32-littlearm)

.debug_info     0x0000000000000000     0x7bf4
 .debug_info    0x0000000000000000      0x755 Core/Src/dma.o
 .debug_info    0x0000000000000755      0x2e2 Core/Src/gpio.o
 .debug_info    0x0000000000000a37     0x11e9 Core/Src/main.o
 .debug_info    0x0000000000001c20      0x87b Core/Src/stm32f3xx_it.o
 .debug_info    0x000000000000249b      0x400 Core/Src/system_stm32f3xx.o
 .debug_info    0x000000000000289b      0xd18 Core/Src/tim.o
 .debug_info    0x00000000000035b3     0x18ca Core/Src/usart.o
 .debug_info    0x0000000000004e7d       0x22 Core/Startup/startup_stm32f303k8tx.o
 .debug_info    0x0000000000004e9f      0x7e2 Drivers/STM32F3xx_HAL_Driver/Src/stm32f3xx_ll_gpio.o
 .debug_info    0x0000000000005681      0x704 Drivers/STM32F3xx_HAL_Driver/Src/stm32f3xx_ll_rcc.o
 .debug_info    0x0000000000005d85      0xf9d Drivers/STM32F3xx_HAL_Driver/Src/stm32f3xx_ll_tim.o
 .debug_info    0x0000000000006d22      0x6bf Drivers/STM32F3xx_HAL_Driver/Src/stm32f3xx_ll_usart.o
 .debug_info    0x00000000000073e1      0x813 Drivers/STM32F3xx_HAL_Driver/Src/stm32f3xx_ll_utils.o

.debug_abbrev   0x0000000000000000     0x180f
 .debug_abbrev  0x0000000000000000      0x18f Core/Src/dma.o
 .debug_abbrev  0x000000000000018f      0x120 Core/Src/gpio.o
 .debug_abbrev  0x00000000000002af      0x2fd Core/Src/main.o
 .debug_abbrev  0x00000000000005ac      0x235 Core/Src/stm32f3xx_it.o
 .debug_abbrev  0x00000000000007e1      0x111 Core/Src/system_stm32f3xx.o
 .debug_abbrev  0x00000000000008f2      0x1e1 Core/Src/tim.o
 .debug_abbrev  0x0000000000000ad3      0x29f Core/Src/usart.o
 .debug_abbrev  0x0000000000000d72       0x12 Core/Startup/startup_stm32f303k8tx.o
 .debug_abbrev  0x0000000000000d84      0x212 Drivers/STM32F3xx_HAL_Driver/Src/stm32f3xx_ll_gpio.o
 .debug_abbrev  0x0000000000000f96      0x238 Drivers/STM32F3xx_HAL_Driver/Src/stm32f3xx_ll_rcc.o
 .debug_abbrev  0x00000000000011ce      0x1ff Drivers/STM32F3xx_HAL_Driver/Src/stm32f3xx_ll_tim.o
 .debug_abbrev  0x00000000000013cd      0x1b1 Drivers/STM32F3xx_HAL_Driver/Src/stm32f3xx_ll_usart.o
 .debug_abbrev  0x000000000000157e      0x291 Drivers/STM32F3xx_HAL_Driver/Src/stm32f3xx_ll_utils.o

.debug_aranges  0x0000000000000000      0x838
 .debug_aranges
                0x0000000000000000       0x38 Core/Src/dma.o
 .debug_aranges
                0x0000000000000038       0x28 Core/Src/gpio.o
 .debug_aranges
                0x0000000000000060       0xc8 Core/Src/main.o
 .debug_aranges
                0x0000000000000128       0xf8 Core/Src/stm32f3xx_it.o
 .debug_aranges
                0x0000000000000220       0x28 Core/Src/system_stm32f3xx.o
 .debug_aranges
                0x0000000000000248       0x88 Core/Src/tim.o
 .debug_aranges
                0x00000000000002d0      0x110 Core/Src/usart.o
 .debug_aranges
                0x00000000000003e0       0x28 Core/Startup/startup_stm32f303k8tx.o
 .debug_aranges
                0x0000000000000408       0x70 Drivers/STM32F3xx_HAL_Driver/Src/stm32f3xx_ll_gpio.o
 .debug_aranges
                0x0000000000000478      0x100 Drivers/STM32F3xx_HAL_Driver/Src/stm32f3xx_ll_rcc.o
 .debug_aranges
                0x0000000000000578      0x148 Drivers/STM32F3xx_HAL_Driver/Src/stm32f3xx_ll_tim.o
 .debug_aranges
                0x00000000000006c0       0x88 Drivers/STM32F3xx_HAL_Driver/Src/stm32f3xx_ll_usart.o
 .debug_aranges
                0x0000000000000748       0xf0 Drivers/STM32F3xx_HAL_Driver/Src/stm32f3xx_ll_utils.o

.debug_ranges   0x0000000000000000      0x770
 .debug_ranges  0x0000000000000000       0x28 Core/Src/dma.o
 .debug_ranges  0x0000000000000028       0x18 Core/Src/gpio.o
 .debug_ranges  0x0000000000000040       0xb8 Core/Src/main.o
 .debug_ranges  0x00000000000000f8       0xe8 Core/Src/stm32f3xx_it.o
 .debug_ranges  0x00000000000001e0       0x18 Core/Src/system_stm32f3xx.o
 .debug_ranges  0x00000000000001f8       0x78 Core/Src/tim.o
 .debug_ranges  0x0000000000000270      0x100 Core/Src/usart.o
 .debug_ranges  0x0000000000000370       0x20 Core/Startup/startup_stm32f303k8tx.o
 .debug_ranges  0x0000000000000390       0x60 Drivers/STM32F3xx_HAL_Driver/Src/stm32f3xx_ll_gpio.o
 .debug_ranges  0x00000000000003f0       0xf0 Drivers/STM32F3xx_HAL_Driver/Src/stm32f3xx_ll_rcc.o
 .debug_ranges  0x00000000000004e0      0x138 Drivers/STM32F3xx_HAL_Driver/Src/stm32f3xx_ll_tim.o
 .debug_ranges  0x0000000000000618       0x78 Drivers/STM32F3xx_HAL_Driver/Src/stm32f3xx_ll_usart.o
 .debug_ranges  0x0000000000000690       0xe0 Drivers/STM32F3xx_HAL_Driver/Src/stm32f3xx_ll_utils.o

.debug_macro    0x0000000000000000    0x17232
 .debug_macro   0x0000000000000000      0x13f Core/Src/dma.o
 .debug_macro   0x000000000000013f      0xa96 Core/Src/dma.o
 .debug_macro   0x0000000000000bd5       0x2e Core/Src/dma.o
 .debug_macro   0x0000000000000c03       0x28 Core/Src/dma.o
 .debug_macro   0x0000000000000c2b       0x22 Core/Src/dma.o
 .debug_macro   0x0000000000000c4d       0x8e Core/Src/dma.o
 .debug_macro   0x0000000000000cdb       0x51 Core/Src/dma.o
 .debug_macro   0x0000000000000d2c       0xef Core/Src/dma.o
 .debug_macro   0x0000000000000e1b       0x6a Core/Src/dma.o
 .debug_macro   0x0000000000000e85      0x1df Core/Src/dma.o
 .debug_macro   0x0000000000001064       0x1c Core/Src/dma.o
 .debug_macro   0x0000000000001080       0x22 Core/Src/dma.o
 .debug_macro   0x00000000000010a2       0xdf Core/Src/dma.o
 .debug_macro   0x0000000000001181      0xf07 Core/Src/dma.o
 .debug_macro   0x0000000000002088    0x10bd9 Core/Src/dma.o
 .debug_macro   0x0000000000012c61       0x43 Core/Src/dma.o
 .debug_macro   0x0000000000012ca4      0x281 Core/Src/dma.o
 .debug_macro   0x0000000000012f25      0x4c2 Core/Src/dma.o
 .debug_macro   0x00000000000133e7       0xe1 Core/Src/dma.o
 .debug_macro   0x00000000000134c8      0x29f Core/Src/dma.o
 .debug_macro   0x0000000000013767       0xfe Core/Src/dma.o
 .debug_macro   0x0000000000013865       0x28 Core/Src/dma.o
 .debug_macro   0x000000000001388d       0x30 Core/Src/dma.o
 .debug_macro   0x00000000000138bd       0xa8 Core/Src/dma.o
 .debug_macro   0x0000000000013965      0x803 Core/Src/dma.o
 .debug_macro   0x0000000000014168      0x2f7 Core/Src/dma.o
 .debug_macro   0x000000000001445f      0x142 Core/Src/dma.o
 .debug_macro   0x00000000000145a1       0x22 Core/Src/dma.o
 .debug_macro   0x00000000000145c3      0x13f Core/Src/gpio.o
 .debug_macro   0x0000000000014702      0x2eb Core/Src/main.o
 .debug_macro   0x00000000000149ed       0x10 Core/Src/main.o
 .debug_macro   0x00000000000149fd       0x46 Core/Src/main.o
 .debug_macro   0x0000000000014a43       0x18 Core/Src/main.o
 .debug_macro   0x0000000000014a5b       0x3c Core/Src/main.o
 .debug_macro   0x0000000000014a97       0x34 Core/Src/main.o
 .debug_macro   0x0000000000014acb       0x16 Core/Src/main.o
 .debug_macro   0x0000000000014ae1       0x97 Core/Src/main.o
 .debug_macro   0x0000000000014b78      0x32a Core/Src/main.o
 .debug_macro   0x0000000000014ea2       0xfd Core/Src/main.o
 .debug_macro   0x0000000000014f9f       0x10 Core/Src/main.o
 .debug_macro   0x0000000000014faf       0x52 Core/Src/main.o
 .debug_macro   0x0000000000015001       0x1f Core/Src/main.o
 .debug_macro   0x0000000000015020       0x43 Core/Src/main.o
 .debug_macro   0x0000000000015063       0x20 Core/Src/main.o
 .debug_macro   0x0000000000015083      0x1a3 Core/Src/main.o
 .debug_macro   0x0000000000015226       0x10 Core/Src/main.o
 .debug_macro   0x0000000000015236       0x1c Core/Src/main.o
 .debug_macro   0x0000000000015252       0x52 Core/Src/main.o
 .debug_macro   0x00000000000152a4       0x40 Core/Src/main.o
 .debug_macro   0x00000000000152e4       0x10 Core/Src/main.o
 .debug_macro   0x00000000000152f4       0x40 Core/Src/main.o
 .debug_macro   0x0000000000015334       0xd7 Core/Src/main.o
 .debug_macro   0x000000000001540b       0x1c Core/Src/main.o
 .debug_macro   0x0000000000015427       0x3d Core/Src/main.o
 .debug_macro   0x0000000000015464       0x16 Core/Src/main.o
 .debug_macro   0x000000000001547a      0x145 Core/Src/main.o
 .debug_macro   0x00000000000155bf       0x16 Core/Src/main.o
 .debug_macro   0x00000000000155d5       0x35 Core/Src/main.o
 .debug_macro   0x000000000001560a       0x20 Core/Src/main.o
 .debug_macro   0x000000000001562a      0x13f Core/Src/stm32f3xx_it.o
 .debug_macro   0x0000000000015769       0xc3 Core/Src/system_stm32f3xx.o
 .debug_macro   0x000000000001582c      0x13f Core/Src/tim.o
 .debug_macro   0x000000000001596b      0x20b Core/Src/usart.o
 .debug_macro   0x0000000000015b76       0x10 Core/Src/usart.o
 .debug_macro   0x0000000000015b86       0xff Drivers/STM32F3xx_HAL_Driver/Src/stm32f3xx_ll_gpio.o
 .debug_macro   0x0000000000015c85      0x13c Drivers/STM32F3xx_HAL_Driver/Src/stm32f3xx_ll_gpio.o
 .debug_macro   0x0000000000015dc1       0xf1 Drivers/STM32F3xx_HAL_Driver/Src/stm32f3xx_ll_rcc.o
 .debug_macro   0x0000000000015eb2      0x4bc Drivers/STM32F3xx_HAL_Driver/Src/stm32f3xx_ll_rcc.o
 .debug_macro   0x000000000001636e      0x169 Drivers/STM32F3xx_HAL_Driver/Src/stm32f3xx_ll_tim.o
 .debug_macro   0x00000000000164d7      0x7fd Drivers/STM32F3xx_HAL_Driver/Src/stm32f3xx_ll_tim.o
 .debug_macro   0x0000000000016cd4      0x132 Drivers/STM32F3xx_HAL_Driver/Src/stm32f3xx_ll_usart.o
 .debug_macro   0x0000000000016e06      0x2f1 Drivers/STM32F3xx_HAL_Driver/Src/stm32f3xx_ll_usart.o
 .debug_macro   0x00000000000170f7      0x13b Drivers/STM32F3xx_HAL_Driver/Src/stm32f3xx_ll_utils.o

.debug_line     0x0000000000000000     0x57fd
 .debug_line    0x0000000000000000      0x5c7 Core/Src/dma.o
 .debug_line    0x00000000000005c7      0x59b Core/Src/gpio.o
 .debug_line    0x0000000000000b62      0x9d5 Core/Src/main.o
 .debug_line    0x0000000000001537      0x805 Core/Src/stm32f3xx_it.o
 .debug_line    0x0000000000001d3c      0x47a Core/Src/system_stm32f3xx.o
 .debug_line    0x00000000000021b6      0x7a9 Core/Src/tim.o
 .debug_line    0x000000000000295f      0x9a4 Core/Src/usart.o
 .debug_line    0x0000000000003303       0x85 Core/Startup/startup_stm32f303k8tx.o
 .debug_line    0x0000000000003388      0x661 Drivers/STM32F3xx_HAL_Driver/Src/stm32f3xx_ll_gpio.o
 .debug_line    0x00000000000039e9      0x73d Drivers/STM32F3xx_HAL_Driver/Src/stm32f3xx_ll_rcc.o
 .debug_line    0x0000000000004126      0x959 Drivers/STM32F3xx_HAL_Driver/Src/stm32f3xx_ll_tim.o
 .debug_line    0x0000000000004a7f      0x622 Drivers/STM32F3xx_HAL_Driver/Src/stm32f3xx_ll_usart.o
 .debug_line    0x00000000000050a1      0x75c Drivers/STM32F3xx_HAL_Driver/Src/stm32f3xx_ll_utils.o

.debug_str      0x0000000000000000    0x798a2
 .debug_str     0x0000000000000000    0x70c85 Core/Src/dma.o
                                      0x70ee3 (size before relaxing)
 .debug_str     0x0000000000070c85       0x2a Core/Src/gpio.o
                                      0x70b0f (size before relaxing)
 .debug_str     0x0000000000070caf     0x4668 Core/Src/main.o
                                      0x752ce (size before relaxing)
 .debug_str     0x0000000000075317      0x2db Core/Src/stm32f3xx_it.o
                                      0x70dde (size before relaxing)
 .debug_str     0x00000000000755f2       0x73 Core/Src/system_stm32f3xx.o
                                      0x651fa (size before relaxing)
 .debug_str     0x0000000000075665      0x25a Core/Src/tim.o
                                      0x7122b (size before relaxing)
 .debug_str     0x00000000000758bf      0x377 Core/Src/usart.o
                                      0x7469d (size before relaxing)
 .debug_str     0x0000000000075c36       0x36 Core/Startup/startup_stm32f303k8tx.o
                                         0x5d (size before relaxing)
 .debug_str     0x0000000000075c6c      0x67a Drivers/STM32F3xx_HAL_Driver/Src/stm32f3xx_ll_gpio.o
                                      0x66549 (size before relaxing)
 .debug_str     0x00000000000762e6      0x4fd Drivers/STM32F3xx_HAL_Driver/Src/stm32f3xx_ll_rcc.o
                                      0x6799b (size before relaxing)
 .debug_str     0x00000000000767e3     0x1bb9 Drivers/STM32F3xx_HAL_Driver/Src/stm32f3xx_ll_tim.o
                                      0x6b499 (size before relaxing)
 .debug_str     0x000000000007839c      0x849 Drivers/STM32F3xx_HAL_Driver/Src/stm32f3xx_ll_usart.o
                                      0x694b0 (size before relaxing)
 .debug_str     0x0000000000078be5      0xcbd Drivers/STM32F3xx_HAL_Driver/Src/stm32f3xx_ll_utils.o
                                      0x6a20b (size before relaxing)

.comment        0x0000000000000000       0x7b
 .comment       0x0000000000000000       0x7b Core/Src/dma.o
                                         0x7c (size before relaxing)
 .comment       0x000000000000007b       0x7c Core/Src/gpio.o
 .comment       0x000000000000007b       0x7c Core/Src/main.o
 .comment       0x000000000000007b       0x7c Core/Src/stm32f3xx_it.o
 .comment       0x000000000000007b       0x7c Core/Src/system_stm32f3xx.o
 .comment       0x000000000000007b       0x7c Core/Src/tim.o
 .comment       0x000000000000007b       0x7c Core/Src/usart.o
 .comment       0x000000000000007b       0x7c Drivers/STM32F3xx_HAL_Driver/Src/stm32f3xx_ll_gpio.o
 .comment       0x000000000000007b       0x7c Drivers/STM32F3xx_HAL_Driver/Src/stm32f3xx_ll_rcc.o
 .comment       0x000000000000007b       0x7c Drivers/STM32F3xx_HAL_Driver/Src/stm32f3xx_ll_tim.o
 .comment       0x000000000000007b       0x7c Drivers/STM32F3xx_HAL_Driver/Src/stm32f3xx_ll_usart.o
 .comment       0x000000000000007b       0x7c Drivers/STM32F3xx_HAL_Driver/Src/stm32f3xx_ll_utils.o

.debug_frame    0x0000000000000000     0x2334
 .debug_frame   0x0000000000000000       0xa4 Core/Src/dma.o
 .debug_frame   0x00000000000000a4       0x54 Core/Src/gpio.o
 .debug_frame   0x00000000000000f8      0x330 Core/Src/main.o
 .debug_frame   0x0000000000000428      0x3b4 Core/Src/stm32f3xx_it.o
 .debug_frame   0x00000000000007dc       0x58 Core/Src/system_stm32f3xx.o
 .debug_frame   0x0000000000000834      0x238 Core/Src/tim.o
 .debug_frame   0x0000000000000a6c      0x4ec Core/Src/usart.o
 .debug_frame   0x0000000000000f58      0x1c0 Drivers/STM32F3xx_HAL_Driver/Src/stm32f3xx_ll_gpio.o
 .debug_frame   0x0000000000001118      0x408 Drivers/STM32F3xx_HAL_Driver/Src/stm32f3xx_ll_rcc.o
 .debug_frame   0x0000000000001520      0x5d0 Drivers/STM32F3xx_HAL_Driver/Src/stm32f3xx_ll_tim.o
 .debug_frame   0x0000000000001af0      0x234 Drivers/STM32F3xx_HAL_Driver/Src/stm32f3xx_ll_usart.o
 .debug_frame   0x0000000000001d24      0x3dc Drivers/STM32F3xx_HAL_Driver/Src/stm32f3xx_ll_utils.o
 .debug_frame   0x0000000000002100       0x30 c:/st/stm32cubeide_1.5.0/stm32cubeide/plugins/com.st.stm32cube.ide.mcu.externaltools.gnu-tools-for-stm32.7-2018-q2-update.win32_1.5.0.202011040924/tools/bin/../lib/gcc/arm-none-eabi/7.3.1/../../../../arm-none-eabi/lib/thumb/v7e-m/fpv4-sp/hard\libc_nano.a(lib_a-atoi.o)
 .debug_frame   0x0000000000002130       0x2c c:/st/stm32cubeide_1.5.0/stm32cubeide/plugins/com.st.stm32cube.ide.mcu.externaltools.gnu-tools-for-stm32.7-2018-q2-update.win32_1.5.0.202011040924/tools/bin/../lib/gcc/arm-none-eabi/7.3.1/../../../../arm-none-eabi/lib/thumb/v7e-m/fpv4-sp/hard\libc_nano.a(lib_a-init.o)
 .debug_frame   0x000000000000215c       0x20 c:/st/stm32cubeide_1.5.0/stm32cubeide/plugins/com.st.stm32cube.ide.mcu.externaltools.gnu-tools-for-stm32.7-2018-q2-update.win32_1.5.0.202011040924/tools/bin/../lib/gcc/arm-none-eabi/7.3.1/../../../../arm-none-eabi/lib/thumb/v7e-m/fpv4-sp/hard\libc_nano.a(lib_a-memset.o)
 .debug_frame   0x000000000000217c       0x20 c:/st/stm32cubeide_1.5.0/stm32cubeide/plugins/com.st.stm32cube.ide.mcu.externaltools.gnu-tools-for-stm32.7-2018-q2-update.win32_1.5.0.202011040924/tools/bin/../lib/gcc/arm-none-eabi/7.3.1/../../../../arm-none-eabi/lib/thumb/v7e-m/fpv4-sp/hard\libc_nano.a(lib_a-strcmp.o)
 .debug_frame   0x000000000000219c       0x28 c:/st/stm32cubeide_1.5.0/stm32cubeide/plugins/com.st.stm32cube.ide.mcu.externaltools.gnu-tools-for-stm32.7-2018-q2-update.win32_1.5.0.202011040924/tools/bin/../lib/gcc/arm-none-eabi/7.3.1/../../../../arm-none-eabi/lib/thumb/v7e-m/fpv4-sp/hard\libc_nano.a(lib_a-strncmp.o)
 .debug_frame   0x00000000000021c4       0x84 c:/st/stm32cubeide_1.5.0/stm32cubeide/plugins/com.st.stm32cube.ide.mcu.externaltools.gnu-tools-for-stm32.7-2018-q2-update.win32_1.5.0.202011040924/tools/bin/../lib/gcc/arm-none-eabi/7.3.1/../../../../arm-none-eabi/lib/thumb/v7e-m/fpv4-sp/hard\libc_nano.a(lib_a-strtol.o)
 .debug_frame   0x0000000000002248       0x68 c:/st/stm32cubeide_1.5.0/stm32cubeide/plugins/com.st.stm32cube.ide.mcu.externaltools.gnu-tools-for-stm32.7-2018-q2-update.win32_1.5.0.202011040924/tools/bin/../lib/gcc/arm-none-eabi/7.3.1/../../../../arm-none-eabi/lib/thumb/v7e-m/fpv4-sp/hard\libc_nano.a(lib_a-locale.o)
 .debug_frame   0x00000000000022b0       0x48 c:/st/stm32cubeide_1.5.0/stm32cubeide/plugins/com.st.stm32cube.ide.mcu.externaltools.gnu-tools-for-stm32.7-2018-q2-update.win32_1.5.0.202011040924/tools/bin/../lib/gcc/arm-none-eabi/7.3.1/../../../../arm-none-eabi/lib/thumb/v7e-m/fpv4-sp/hard\libc_nano.a(lib_a-mbtowc_r.o)
 .debug_frame   0x00000000000022f8       0x3c c:/st/stm32cubeide_1.5.0/stm32cubeide/plugins/com.st.stm32cube.ide.mcu.externaltools.gnu-tools-for-stm32.7-2018-q2-update.win32_1.5.0.202011040924/tools/bin/../lib/gcc/arm-none-eabi/7.3.1/../../../../arm-none-eabi/lib/thumb/v7e-m/fpv4-sp/hard\libc_nano.a(lib_a-wctomb_r.o)
