stm32f3xx_ll_dma.h:509:22:LL_DMA_DisableChannel	16	static
stm32f3xx_ll_dma.h:1299:26:LL_DMA_IsActiveFlag_TC6	16	static
stm32f3xx_ll_dma.h:1310:26:LL_DMA_IsActiveFlag_TC7	16	static
stm32f3xx_ll_dma.h:1376:26:LL_DMA_IsActiveFlag_HT6	16	static
stm32f3xx_ll_dma.h:1607:22:LL_DMA_ClearFlag_TC6	16	static
stm32f3xx_ll_dma.h:1618:22:LL_DMA_ClearFlag_TC7	16	static
stm32f3xx_ll_dma.h:1684:22:LL_DMA_ClearFlag_HT6	16	static
stm32f3xx_ll_tim.h:3986:22:LL_TIM_ClearFlag_UPDATE	16	static
stm32f3xx_ll_tim.h:3997:26:LL_TIM_IsActiveFlag_UPDATE	16	static
stm32f3xx_ll_usart.h:2554:26:LL_USART_IsActiveFlag_IDLE	16	static
stm32f3xx_ll_usart.h:2576:26:LL_USART_IsActiveFlag_TC	16	static
stm32f3xx_ll_usart.h:2810:22:LL_USART_ClearFlag_IDLE	16	static
stm32f3xx_it.c:73:6:NMI_Handler	4	static
stm32f3xx_it.c:86:6:HardFault_Handler	4	static
stm32f3xx_it.c:101:6:MemManage_Handler	4	static
stm32f3xx_it.c:116:6:BusFault_Handler	4	static
stm32f3xx_it.c:131:6:UsageFault_Handler	4	static
stm32f3xx_it.c:146:6:SVC_Handler	4	static
stm32f3xx_it.c:159:6:DebugMon_Handler	4	static
stm32f3xx_it.c:172:6:PendSV_Handler	4	static
stm32f3xx_it.c:185:6:SysTick_Handler	4	static
stm32f3xx_it.c:206:6:DMA1_Channel6_IRQHandler	8	static
stm32f3xx_it.c:231:6:DMA1_Channel7_IRQHandler	8	static
stm32f3xx_it.c:251:6:TIM3_IRQHandler	8	static
stm32f3xx_it.c:289:6:USART2_IRQHandler	8	static
stm32f3xx_it.c:305:6:toggleLed	8	static
stm32f3xx_it.c:326:6:increase	8	static
stm32f3xx_it.c:332:6:decrease	8	static
